📁 Kustomization/default/my-app changed
► ConfigMap/default/my-app created
